// Jest Snapshot v1, https://goo.gl/fbAQLP

exports[`TableGridEditor test TableGridEditor should match snapshot 1`] = `
<Fragment>
  <TableDialog
    onClose={[Function]}
    onSubmit={[Function]}
    open={false}
    updateTable={
      Object {
        "logoUrl": "https://via.placeholder.com/150",
        "posX": 0,
        "posY": 0,
        "title": "mockTitle",
        "type": "RoundMeetingTable",
        "zoomUrl": "https://zoom.us/",
      }
    }
  />
  <TableDialog
    onClose={[Function]}
    onSubmit={[Function]}
    open={false}
    updateTable={
      Object {
        "logoUrl": "https://via.placeholder.com/150",
        "posX": 0,
        "posY": 0,
        "title": "mockTitle",
        "type": "RoundMeetingTable",
        "zoomUrl": "https://zoom.us/",
      }
    }
  />
  <div
    className="makeStyles-gridContainer-1"
  >
    <div
      className="makeStyles-gridItem-2"
    >
       
    </div>
    <div
      className="makeStyles-gridItem-2"
    >
       
    </div>
    <WithStyles(ForwardRef(Button))
      className="makeStyles-gridItem-2 makeStyles-gridItemFill-3"
      onClick={[Function]}
    >
       
    </WithStyles(ForwardRef(Button))>
    <WithStyles(ForwardRef(Button))
      className="makeStyles-gridItem-2 makeStyles-gridItemFill-3"
      onClick={[Function]}
    >
       
    </WithStyles(ForwardRef(Button))>
    <WithStyles(ForwardRef(Button))
      className="makeStyles-gridItem-2 makeStyles-gridItemFill-3"
      onClick={[Function]}
    >
       
    </WithStyles(ForwardRef(Button))>
    <WithStyles(ForwardRef(Button))
      className="makeStyles-gridItem-2 makeStyles-gridItemFill-3"
      onClick={[Function]}
    >
       
    </WithStyles(ForwardRef(Button))>
    <WithStyles(ForwardRef(Button))
      className="makeStyles-gridItem-2 makeStyles-gridItemFill-3"
      onClick={[Function]}
    >
       
    </WithStyles(ForwardRef(Button))>
    <div
      className="makeStyles-gridItem-2"
    >
       
    </div>
    <div
      className="makeStyles-gridItem-2"
    >
       
    </div>
    <div
      className="makeStyles-gridItem-2"
    >
       
    </div>
    <WithStyles(ForwardRef(Button))
      className="makeStyles-gridItem-2 makeStyles-gridItemFill-3"
      onClick={[Function]}
    >
       
    </WithStyles(ForwardRef(Button))>
    <WithStyles(ForwardRef(Button))
      className="makeStyles-gridItem-2 makeStyles-gridItemFill-3"
      onClick={[Function]}
    >
       
    </WithStyles(ForwardRef(Button))>
    <WithStyles(ForwardRef(Button))
      className="makeStyles-gridItem-2 makeStyles-gridItemFill-3"
      onClick={[Function]}
    >
       
    </WithStyles(ForwardRef(Button))>
    <WithStyles(ForwardRef(Button))
      className="makeStyles-gridItem-2 makeStyles-gridItemFill-3"
      onClick={[Function]}
    >
       
    </WithStyles(ForwardRef(Button))>
    <WithStyles(ForwardRef(Button))
      className="makeStyles-gridItem-2 makeStyles-gridItemFill-3"
      onClick={[Function]}
    >
       
    </WithStyles(ForwardRef(Button))>
    <WithStyles(ForwardRef(Button))
      className="makeStyles-gridItem-2 makeStyles-gridItemFill-3"
      onClick={[Function]}
    >
       
    </WithStyles(ForwardRef(Button))>
    <WithStyles(ForwardRef(Button))
      className="makeStyles-gridItem-2 makeStyles-gridItemFill-3"
      onClick={[Function]}
    >
       
    </WithStyles(ForwardRef(Button))>
    <div
      className="makeStyles-gridItem-2"
    >
       
    </div>
    <WithStyles(ForwardRef(Button))
      className="makeStyles-gridItem-2 makeStyles-gridItemFill-3"
      onClick={[Function]}
    >
       
    </WithStyles(ForwardRef(Button))>
    <WithStyles(ForwardRef(Button))
      className="makeStyles-gridItem-2 makeStyles-gridItemFill-3"
      onClick={[Function]}
    >
       
    </WithStyles(ForwardRef(Button))>
    <WithStyles(ForwardRef(Button))
      className="makeStyles-gridItem-2 makeStyles-gridItemFill-3"
      onClick={[Function]}
    >
       
    </WithStyles(ForwardRef(Button))>
    <WithStyles(ForwardRef(Button))
      className="makeStyles-gridItem-2 makeStyles-gridItemFill-3"
      onClick={[Function]}
    >
       
    </WithStyles(ForwardRef(Button))>
    <WithStyles(ForwardRef(Button))
      className="makeStyles-gridItem-2 makeStyles-gridItemFill-3"
      onClick={[Function]}
    >
       
    </WithStyles(ForwardRef(Button))>
    <WithStyles(ForwardRef(Button))
      className="makeStyles-gridItem-2 makeStyles-gridItemFill-3"
      onClick={[Function]}
    >
       
    </WithStyles(ForwardRef(Button))>
    <WithStyles(ForwardRef(Button))
      className="makeStyles-gridItem-2 makeStyles-gridItemFill-3"
      onClick={[Function]}
    >
       
    </WithStyles(ForwardRef(Button))>
    <WithStyles(ForwardRef(Button))
      className="makeStyles-gridItem-2 makeStyles-gridItemFill-3"
      onClick={[Function]}
    >
       
    </WithStyles(ForwardRef(Button))>
    <WithStyles(ForwardRef(Button))
      className="makeStyles-gridItem-2 makeStyles-gridItemFill-3"
      onClick={[Function]}
    >
       
    </WithStyles(ForwardRef(Button))>
    <WithStyles(ForwardRef(Button))
      className="makeStyles-gridItem-2 makeStyles-gridItemFill-3"
      onClick={[Function]}
    >
       
    </WithStyles(ForwardRef(Button))>
    <WithStyles(ForwardRef(Button))
      className="makeStyles-gridItem-2 makeStyles-gridItemFill-3"
      onClick={[Function]}
    >
       
    </WithStyles(ForwardRef(Button))>
    <WithStyles(ForwardRef(Button))
      className="makeStyles-gridItem-2 makeStyles-gridItemFill-3"
      onClick={[Function]}
    >
       
    </WithStyles(ForwardRef(Button))>
    <WithStyles(ForwardRef(Button))
      className="makeStyles-gridItem-2 makeStyles-gridItemFill-3"
      onClick={[Function]}
    >
       
    </WithStyles(ForwardRef(Button))>
    <WithStyles(ForwardRef(Button))
      className="makeStyles-gridItem-2 makeStyles-gridItemFill-3"
      onClick={[Function]}
    >
       
    </WithStyles(ForwardRef(Button))>
    <WithStyles(ForwardRef(Button))
      className="makeStyles-gridItem-2 makeStyles-gridItemFill-3"
      onClick={[Function]}
    >
       
    </WithStyles(ForwardRef(Button))>
    <WithStyles(ForwardRef(Button))
      className="makeStyles-gridItem-2 makeStyles-gridItemFill-3"
      onClick={[Function]}
    >
       
    </WithStyles(ForwardRef(Button))>
    <WithStyles(ForwardRef(Button))
      className="makeStyles-gridItem-2 makeStyles-gridItemFill-3"
      onClick={[Function]}
    >
       
    </WithStyles(ForwardRef(Button))>
    <WithStyles(ForwardRef(Button))
      className="makeStyles-gridItem-2 makeStyles-gridItemFill-3"
      onClick={[Function]}
    >
       
    </WithStyles(ForwardRef(Button))>
    <WithStyles(ForwardRef(Button))
      className="makeStyles-gridItem-2 makeStyles-gridItemFill-3"
      onClick={[Function]}
    >
       
    </WithStyles(ForwardRef(Button))>
    <WithStyles(ForwardRef(Button))
      className="makeStyles-gridItem-2 makeStyles-gridItemFill-3"
      onClick={[Function]}
    >
       
    </WithStyles(ForwardRef(Button))>
    <WithStyles(ForwardRef(Button))
      className="makeStyles-gridItem-2 makeStyles-gridItemFill-3"
      onClick={[Function]}
    >
       
    </WithStyles(ForwardRef(Button))>
    <WithStyles(ForwardRef(Button))
      className="makeStyles-gridItem-2 makeStyles-gridItemFill-3"
      onClick={[Function]}
    >
       
    </WithStyles(ForwardRef(Button))>
    <WithStyles(ForwardRef(Button))
      className="makeStyles-gridItem-2 makeStyles-gridItemFill-3"
      onClick={[Function]}
    >
      <WithStyles(ForwardRef(Avatar))
        src="roundtable.png"
      />
    </WithStyles(ForwardRef(Button))>
    <WithStyles(ForwardRef(Button))
      className="makeStyles-gridItem-2 makeStyles-gridItemFill-3"
      onClick={[Function]}
    >
       
    </WithStyles(ForwardRef(Button))>
    <WithStyles(ForwardRef(Button))
      className="makeStyles-gridItem-2 makeStyles-gridItemFill-3"
      onClick={[Function]}
    >
       
    </WithStyles(ForwardRef(Button))>
    <WithStyles(ForwardRef(Button))
      className="makeStyles-gridItem-2 makeStyles-gridItemFill-3"
      onClick={[Function]}
    >
       
    </WithStyles(ForwardRef(Button))>
    <WithStyles(ForwardRef(Button))
      className="makeStyles-gridItem-2 makeStyles-gridItemFill-3"
      onClick={[Function]}
    >
       
    </WithStyles(ForwardRef(Button))>
    <WithStyles(ForwardRef(Button))
      className="makeStyles-gridItem-2 makeStyles-gridItemFill-3"
      onClick={[Function]}
    >
       
    </WithStyles(ForwardRef(Button))>
    <WithStyles(ForwardRef(Button))
      className="makeStyles-gridItem-2 makeStyles-gridItemFill-3"
      onClick={[Function]}
    >
       
    </WithStyles(ForwardRef(Button))>
    <WithStyles(ForwardRef(Button))
      className="makeStyles-gridItem-2 makeStyles-gridItemFill-3"
      onClick={[Function]}
    >
       
    </WithStyles(ForwardRef(Button))>
    <WithStyles(ForwardRef(Button))
      className="makeStyles-gridItem-2 makeStyles-gridItemFill-3"
      onClick={[Function]}
    >
       
    </WithStyles(ForwardRef(Button))>
    <WithStyles(ForwardRef(Button))
      className="makeStyles-gridItem-2 makeStyles-gridItemFill-3"
      onClick={[Function]}
    >
       
    </WithStyles(ForwardRef(Button))>
    <WithStyles(ForwardRef(Button))
      className="makeStyles-gridItem-2 makeStyles-gridItemFill-3"
      onClick={[Function]}
    >
       
    </WithStyles(ForwardRef(Button))>
    <WithStyles(ForwardRef(Button))
      className="makeStyles-gridItem-2 makeStyles-gridItemFill-3"
      onClick={[Function]}
    >
       
    </WithStyles(ForwardRef(Button))>
    <WithStyles(ForwardRef(Button))
      className="makeStyles-gridItem-2 makeStyles-gridItemFill-3"
      onClick={[Function]}
    >
       
    </WithStyles(ForwardRef(Button))>
    <WithStyles(ForwardRef(Button))
      className="makeStyles-gridItem-2 makeStyles-gridItemFill-3"
      onClick={[Function]}
    >
       
    </WithStyles(ForwardRef(Button))>
    <WithStyles(ForwardRef(Button))
      className="makeStyles-gridItem-2 makeStyles-gridItemFill-3"
      onClick={[Function]}
    >
       
    </WithStyles(ForwardRef(Button))>
    <WithStyles(ForwardRef(Button))
      className="makeStyles-gridItem-2 makeStyles-gridItemFill-3"
      onClick={[Function]}
    >
       
    </WithStyles(ForwardRef(Button))>
    <WithStyles(ForwardRef(Button))
      className="makeStyles-gridItem-2 makeStyles-gridItemFill-3"
      onClick={[Function]}
    >
       
    </WithStyles(ForwardRef(Button))>
    <WithStyles(ForwardRef(Button))
      className="makeStyles-gridItem-2 makeStyles-gridItemFill-3"
      onClick={[Function]}
    >
       
    </WithStyles(ForwardRef(Button))>
    <WithStyles(ForwardRef(Button))
      className="makeStyles-gridItem-2 makeStyles-gridItemFill-3"
      onClick={[Function]}
    >
       
    </WithStyles(ForwardRef(Button))>
    <WithStyles(ForwardRef(Button))
      className="makeStyles-gridItem-2 makeStyles-gridItemFill-3"
      onClick={[Function]}
    >
       
    </WithStyles(ForwardRef(Button))>
    <WithStyles(ForwardRef(Button))
      className="makeStyles-gridItem-2 makeStyles-gridItemFill-3"
      onClick={[Function]}
    >
       
    </WithStyles(ForwardRef(Button))>
    <WithStyles(ForwardRef(Button))
      className="makeStyles-gridItem-2 makeStyles-gridItemFill-3"
      onClick={[Function]}
    >
       
    </WithStyles(ForwardRef(Button))>
    <WithStyles(ForwardRef(Button))
      className="makeStyles-gridItem-2 makeStyles-gridItemFill-3"
      onClick={[Function]}
    >
       
    </WithStyles(ForwardRef(Button))>
    <div
      className="makeStyles-gridItem-2"
    >
       
    </div>
    <WithStyles(ForwardRef(Button))
      className="makeStyles-gridItem-2 makeStyles-gridItemFill-3"
      onClick={[Function]}
    >
       
    </WithStyles(ForwardRef(Button))>
    <WithStyles(ForwardRef(Button))
      className="makeStyles-gridItem-2 makeStyles-gridItemFill-3"
      onClick={[Function]}
    >
       
    </WithStyles(ForwardRef(Button))>
    <WithStyles(ForwardRef(Button))
      className="makeStyles-gridItem-2 makeStyles-gridItemFill-3"
      onClick={[Function]}
    >
       
    </WithStyles(ForwardRef(Button))>
    <WithStyles(ForwardRef(Button))
      className="makeStyles-gridItem-2 makeStyles-gridItemFill-3"
      onClick={[Function]}
    >
       
    </WithStyles(ForwardRef(Button))>
    <WithStyles(ForwardRef(Button))
      className="makeStyles-gridItem-2 makeStyles-gridItemFill-3"
      onClick={[Function]}
    >
       
    </WithStyles(ForwardRef(Button))>
    <WithStyles(ForwardRef(Button))
      className="makeStyles-gridItem-2 makeStyles-gridItemFill-3"
      onClick={[Function]}
    >
       
    </WithStyles(ForwardRef(Button))>
    <WithStyles(ForwardRef(Button))
      className="makeStyles-gridItem-2 makeStyles-gridItemFill-3"
      onClick={[Function]}
    >
       
    </WithStyles(ForwardRef(Button))>
    <div
      className="makeStyles-gridItem-2"
    >
       
    </div>
    <div
      className="makeStyles-gridItem-2"
    >
       
    </div>
    <div
      className="makeStyles-gridItem-2"
    >
       
    </div>
    <WithStyles(ForwardRef(Button))
      className="makeStyles-gridItem-2 makeStyles-gridItemFill-3"
      onClick={[Function]}
    >
       
    </WithStyles(ForwardRef(Button))>
    <WithStyles(ForwardRef(Button))
      className="makeStyles-gridItem-2 makeStyles-gridItemFill-3"
      onClick={[Function]}
    >
       
    </WithStyles(ForwardRef(Button))>
    <WithStyles(ForwardRef(Button))
      className="makeStyles-gridItem-2 makeStyles-gridItemFill-3"
      onClick={[Function]}
    >
       
    </WithStyles(ForwardRef(Button))>
    <WithStyles(ForwardRef(Button))
      className="makeStyles-gridItem-2 makeStyles-gridItemFill-3"
      onClick={[Function]}
    >
       
    </WithStyles(ForwardRef(Button))>
    <WithStyles(ForwardRef(Button))
      className="makeStyles-gridItem-2 makeStyles-gridItemFill-3"
      onClick={[Function]}
    >
       
    </WithStyles(ForwardRef(Button))>
    <div
      className="makeStyles-gridItem-2"
    >
       
    </div>
    <div
      className="makeStyles-gridItem-2"
    >
       
    </div>
  </div>
</Fragment>
`;

exports[`TableGridEditor test TableGridEditor should match snapshot with empty tables array 1`] = `
<Fragment>
  <TableDialog
    onClose={[Function]}
    onSubmit={[Function]}
    open={false}
    updateTable={
      Object {
        "logoUrl": "https://via.placeholder.com/150",
        "posX": 0,
        "posY": 0,
        "title": "mockTitle",
        "type": "RoundMeetingTable",
        "zoomUrl": "https://zoom.us/",
      }
    }
  />
  <TableDialog
    onClose={[Function]}
    onSubmit={[Function]}
    open={false}
    updateTable={
      Object {
        "logoUrl": "https://via.placeholder.com/150",
        "posX": 0,
        "posY": 0,
        "title": "mockTitle",
        "type": "RoundMeetingTable",
        "zoomUrl": "https://zoom.us/",
      }
    }
  />
  <div
    className="makeStyles-gridContainer-1"
  >
    <div
      className="makeStyles-gridItem-2"
    >
       
    </div>
    <div
      className="makeStyles-gridItem-2"
    >
       
    </div>
    <WithStyles(ForwardRef(Button))
      className="makeStyles-gridItem-2 makeStyles-gridItemFill-3"
      onClick={[Function]}
    >
       
    </WithStyles(ForwardRef(Button))>
    <WithStyles(ForwardRef(Button))
      className="makeStyles-gridItem-2 makeStyles-gridItemFill-3"
      onClick={[Function]}
    >
       
    </WithStyles(ForwardRef(Button))>
    <WithStyles(ForwardRef(Button))
      className="makeStyles-gridItem-2 makeStyles-gridItemFill-3"
      onClick={[Function]}
    >
       
    </WithStyles(ForwardRef(Button))>
    <WithStyles(ForwardRef(Button))
      className="makeStyles-gridItem-2 makeStyles-gridItemFill-3"
      onClick={[Function]}
    >
       
    </WithStyles(ForwardRef(Button))>
    <WithStyles(ForwardRef(Button))
      className="makeStyles-gridItem-2 makeStyles-gridItemFill-3"
      onClick={[Function]}
    >
       
    </WithStyles(ForwardRef(Button))>
    <div
      className="makeStyles-gridItem-2"
    >
       
    </div>
    <div
      className="makeStyles-gridItem-2"
    >
       
    </div>
    <div
      className="makeStyles-gridItem-2"
    >
       
    </div>
    <WithStyles(ForwardRef(Button))
      className="makeStyles-gridItem-2 makeStyles-gridItemFill-3"
      onClick={[Function]}
    >
       
    </WithStyles(ForwardRef(Button))>
    <WithStyles(ForwardRef(Button))
      className="makeStyles-gridItem-2 makeStyles-gridItemFill-3"
      onClick={[Function]}
    >
       
    </WithStyles(ForwardRef(Button))>
    <WithStyles(ForwardRef(Button))
      className="makeStyles-gridItem-2 makeStyles-gridItemFill-3"
      onClick={[Function]}
    >
       
    </WithStyles(ForwardRef(Button))>
    <WithStyles(ForwardRef(Button))
      className="makeStyles-gridItem-2 makeStyles-gridItemFill-3"
      onClick={[Function]}
    >
       
    </WithStyles(ForwardRef(Button))>
    <WithStyles(ForwardRef(Button))
      className="makeStyles-gridItem-2 makeStyles-gridItemFill-3"
      onClick={[Function]}
    >
       
    </WithStyles(ForwardRef(Button))>
    <WithStyles(ForwardRef(Button))
      className="makeStyles-gridItem-2 makeStyles-gridItemFill-3"
      onClick={[Function]}
    >
       
    </WithStyles(ForwardRef(Button))>
    <WithStyles(ForwardRef(Button))
      className="makeStyles-gridItem-2 makeStyles-gridItemFill-3"
      onClick={[Function]}
    >
       
    </WithStyles(ForwardRef(Button))>
    <div
      className="makeStyles-gridItem-2"
    >
       
    </div>
    <WithStyles(ForwardRef(Button))
      className="makeStyles-gridItem-2 makeStyles-gridItemFill-3"
      onClick={[Function]}
    >
       
    </WithStyles(ForwardRef(Button))>
    <WithStyles(ForwardRef(Button))
      className="makeStyles-gridItem-2 makeStyles-gridItemFill-3"
      onClick={[Function]}
    >
       
    </WithStyles(ForwardRef(Button))>
    <WithStyles(ForwardRef(Button))
      className="makeStyles-gridItem-2 makeStyles-gridItemFill-3"
      onClick={[Function]}
    >
       
    </WithStyles(ForwardRef(Button))>
    <WithStyles(ForwardRef(Button))
      className="makeStyles-gridItem-2 makeStyles-gridItemFill-3"
      onClick={[Function]}
    >
       
    </WithStyles(ForwardRef(Button))>
    <WithStyles(ForwardRef(Button))
      className="makeStyles-gridItem-2 makeStyles-gridItemFill-3"
      onClick={[Function]}
    >
       
    </WithStyles(ForwardRef(Button))>
    <WithStyles(ForwardRef(Button))
      className="makeStyles-gridItem-2 makeStyles-gridItemFill-3"
      onClick={[Function]}
    >
       
    </WithStyles(ForwardRef(Button))>
    <WithStyles(ForwardRef(Button))
      className="makeStyles-gridItem-2 makeStyles-gridItemFill-3"
      onClick={[Function]}
    >
       
    </WithStyles(ForwardRef(Button))>
    <WithStyles(ForwardRef(Button))
      className="makeStyles-gridItem-2 makeStyles-gridItemFill-3"
      onClick={[Function]}
    >
       
    </WithStyles(ForwardRef(Button))>
    <WithStyles(ForwardRef(Button))
      className="makeStyles-gridItem-2 makeStyles-gridItemFill-3"
      onClick={[Function]}
    >
       
    </WithStyles(ForwardRef(Button))>
    <WithStyles(ForwardRef(Button))
      className="makeStyles-gridItem-2 makeStyles-gridItemFill-3"
      onClick={[Function]}
    >
       
    </WithStyles(ForwardRef(Button))>
    <WithStyles(ForwardRef(Button))
      className="makeStyles-gridItem-2 makeStyles-gridItemFill-3"
      onClick={[Function]}
    >
       
    </WithStyles(ForwardRef(Button))>
    <WithStyles(ForwardRef(Button))
      className="makeStyles-gridItem-2 makeStyles-gridItemFill-3"
      onClick={[Function]}
    >
       
    </WithStyles(ForwardRef(Button))>
    <WithStyles(ForwardRef(Button))
      className="makeStyles-gridItem-2 makeStyles-gridItemFill-3"
      onClick={[Function]}
    >
       
    </WithStyles(ForwardRef(Button))>
    <WithStyles(ForwardRef(Button))
      className="makeStyles-gridItem-2 makeStyles-gridItemFill-3"
      onClick={[Function]}
    >
       
    </WithStyles(ForwardRef(Button))>
    <WithStyles(ForwardRef(Button))
      className="makeStyles-gridItem-2 makeStyles-gridItemFill-3"
      onClick={[Function]}
    >
       
    </WithStyles(ForwardRef(Button))>
    <WithStyles(ForwardRef(Button))
      className="makeStyles-gridItem-2 makeStyles-gridItemFill-3"
      onClick={[Function]}
    >
       
    </WithStyles(ForwardRef(Button))>
    <WithStyles(ForwardRef(Button))
      className="makeStyles-gridItem-2 makeStyles-gridItemFill-3"
      onClick={[Function]}
    >
       
    </WithStyles(ForwardRef(Button))>
    <WithStyles(ForwardRef(Button))
      className="makeStyles-gridItem-2 makeStyles-gridItemFill-3"
      onClick={[Function]}
    >
       
    </WithStyles(ForwardRef(Button))>
    <WithStyles(ForwardRef(Button))
      className="makeStyles-gridItem-2 makeStyles-gridItemFill-3"
      onClick={[Function]}
    >
       
    </WithStyles(ForwardRef(Button))>
    <WithStyles(ForwardRef(Button))
      className="makeStyles-gridItem-2 makeStyles-gridItemFill-3"
      onClick={[Function]}
    >
       
    </WithStyles(ForwardRef(Button))>
    <WithStyles(ForwardRef(Button))
      className="makeStyles-gridItem-2 makeStyles-gridItemFill-3"
      onClick={[Function]}
    >
       
    </WithStyles(ForwardRef(Button))>
    <WithStyles(ForwardRef(Button))
      className="makeStyles-gridItem-2 makeStyles-gridItemFill-3"
      onClick={[Function]}
    >
       
    </WithStyles(ForwardRef(Button))>
    <WithStyles(ForwardRef(Button))
      className="makeStyles-gridItem-2 makeStyles-gridItemFill-3"
      onClick={[Function]}
    >
       
    </WithStyles(ForwardRef(Button))>
    <WithStyles(ForwardRef(Button))
      className="makeStyles-gridItem-2 makeStyles-gridItemFill-3"
      onClick={[Function]}
    >
       
    </WithStyles(ForwardRef(Button))>
    <WithStyles(ForwardRef(Button))
      className="makeStyles-gridItem-2 makeStyles-gridItemFill-3"
      onClick={[Function]}
    >
       
    </WithStyles(ForwardRef(Button))>
    <WithStyles(ForwardRef(Button))
      className="makeStyles-gridItem-2 makeStyles-gridItemFill-3"
      onClick={[Function]}
    >
       
    </WithStyles(ForwardRef(Button))>
    <WithStyles(ForwardRef(Button))
      className="makeStyles-gridItem-2 makeStyles-gridItemFill-3"
      onClick={[Function]}
    >
       
    </WithStyles(ForwardRef(Button))>
    <WithStyles(ForwardRef(Button))
      className="makeStyles-gridItem-2 makeStyles-gridItemFill-3"
      onClick={[Function]}
    >
       
    </WithStyles(ForwardRef(Button))>
    <WithStyles(ForwardRef(Button))
      className="makeStyles-gridItem-2 makeStyles-gridItemFill-3"
      onClick={[Function]}
    >
       
    </WithStyles(ForwardRef(Button))>
    <WithStyles(ForwardRef(Button))
      className="makeStyles-gridItem-2 makeStyles-gridItemFill-3"
      onClick={[Function]}
    >
       
    </WithStyles(ForwardRef(Button))>
    <WithStyles(ForwardRef(Button))
      className="makeStyles-gridItem-2 makeStyles-gridItemFill-3"
      onClick={[Function]}
    >
       
    </WithStyles(ForwardRef(Button))>
    <WithStyles(ForwardRef(Button))
      className="makeStyles-gridItem-2 makeStyles-gridItemFill-3"
      onClick={[Function]}
    >
       
    </WithStyles(ForwardRef(Button))>
    <WithStyles(ForwardRef(Button))
      className="makeStyles-gridItem-2 makeStyles-gridItemFill-3"
      onClick={[Function]}
    >
       
    </WithStyles(ForwardRef(Button))>
    <WithStyles(ForwardRef(Button))
      className="makeStyles-gridItem-2 makeStyles-gridItemFill-3"
      onClick={[Function]}
    >
       
    </WithStyles(ForwardRef(Button))>
    <WithStyles(ForwardRef(Button))
      className="makeStyles-gridItem-2 makeStyles-gridItemFill-3"
      onClick={[Function]}
    >
       
    </WithStyles(ForwardRef(Button))>
    <WithStyles(ForwardRef(Button))
      className="makeStyles-gridItem-2 makeStyles-gridItemFill-3"
      onClick={[Function]}
    >
       
    </WithStyles(ForwardRef(Button))>
    <WithStyles(ForwardRef(Button))
      className="makeStyles-gridItem-2 makeStyles-gridItemFill-3"
      onClick={[Function]}
    >
       
    </WithStyles(ForwardRef(Button))>
    <WithStyles(ForwardRef(Button))
      className="makeStyles-gridItem-2 makeStyles-gridItemFill-3"
      onClick={[Function]}
    >
       
    </WithStyles(ForwardRef(Button))>
    <WithStyles(ForwardRef(Button))
      className="makeStyles-gridItem-2 makeStyles-gridItemFill-3"
      onClick={[Function]}
    >
       
    </WithStyles(ForwardRef(Button))>
    <WithStyles(ForwardRef(Button))
      className="makeStyles-gridItem-2 makeStyles-gridItemFill-3"
      onClick={[Function]}
    >
       
    </WithStyles(ForwardRef(Button))>
    <WithStyles(ForwardRef(Button))
      className="makeStyles-gridItem-2 makeStyles-gridItemFill-3"
      onClick={[Function]}
    >
       
    </WithStyles(ForwardRef(Button))>
    <WithStyles(ForwardRef(Button))
      className="makeStyles-gridItem-2 makeStyles-gridItemFill-3"
      onClick={[Function]}
    >
       
    </WithStyles(ForwardRef(Button))>
    <WithStyles(ForwardRef(Button))
      className="makeStyles-gridItem-2 makeStyles-gridItemFill-3"
      onClick={[Function]}
    >
       
    </WithStyles(ForwardRef(Button))>
    <WithStyles(ForwardRef(Button))
      className="makeStyles-gridItem-2 makeStyles-gridItemFill-3"
      onClick={[Function]}
    >
       
    </WithStyles(ForwardRef(Button))>
    <WithStyles(ForwardRef(Button))
      className="makeStyles-gridItem-2 makeStyles-gridItemFill-3"
      onClick={[Function]}
    >
       
    </WithStyles(ForwardRef(Button))>
    <div
      className="makeStyles-gridItem-2"
    >
       
    </div>
    <WithStyles(ForwardRef(Button))
      className="makeStyles-gridItem-2 makeStyles-gridItemFill-3"
      onClick={[Function]}
    >
       
    </WithStyles(ForwardRef(Button))>
    <WithStyles(ForwardRef(Button))
      className="makeStyles-gridItem-2 makeStyles-gridItemFill-3"
      onClick={[Function]}
    >
       
    </WithStyles(ForwardRef(Button))>
    <WithStyles(ForwardRef(Button))
      className="makeStyles-gridItem-2 makeStyles-gridItemFill-3"
      onClick={[Function]}
    >
       
    </WithStyles(ForwardRef(Button))>
    <WithStyles(ForwardRef(Button))
      className="makeStyles-gridItem-2 makeStyles-gridItemFill-3"
      onClick={[Function]}
    >
       
    </WithStyles(ForwardRef(Button))>
    <WithStyles(ForwardRef(Button))
      className="makeStyles-gridItem-2 makeStyles-gridItemFill-3"
      onClick={[Function]}
    >
       
    </WithStyles(ForwardRef(Button))>
    <WithStyles(ForwardRef(Button))
      className="makeStyles-gridItem-2 makeStyles-gridItemFill-3"
      onClick={[Function]}
    >
       
    </WithStyles(ForwardRef(Button))>
    <WithStyles(ForwardRef(Button))
      className="makeStyles-gridItem-2 makeStyles-gridItemFill-3"
      onClick={[Function]}
    >
       
    </WithStyles(ForwardRef(Button))>
    <div
      className="makeStyles-gridItem-2"
    >
       
    </div>
    <div
      className="makeStyles-gridItem-2"
    >
       
    </div>
    <div
      className="makeStyles-gridItem-2"
    >
       
    </div>
    <WithStyles(ForwardRef(Button))
      className="makeStyles-gridItem-2 makeStyles-gridItemFill-3"
      onClick={[Function]}
    >
       
    </WithStyles(ForwardRef(Button))>
    <WithStyles(ForwardRef(Button))
      className="makeStyles-gridItem-2 makeStyles-gridItemFill-3"
      onClick={[Function]}
    >
       
    </WithStyles(ForwardRef(Button))>
    <WithStyles(ForwardRef(Button))
      className="makeStyles-gridItem-2 makeStyles-gridItemFill-3"
      onClick={[Function]}
    >
       
    </WithStyles(ForwardRef(Button))>
    <WithStyles(ForwardRef(Button))
      className="makeStyles-gridItem-2 makeStyles-gridItemFill-3"
      onClick={[Function]}
    >
       
    </WithStyles(ForwardRef(Button))>
    <WithStyles(ForwardRef(Button))
      className="makeStyles-gridItem-2 makeStyles-gridItemFill-3"
      onClick={[Function]}
    >
       
    </WithStyles(ForwardRef(Button))>
    <div
      className="makeStyles-gridItem-2"
    >
       
    </div>
    <div
      className="makeStyles-gridItem-2"
    >
       
    </div>
  </div>
</Fragment>
`;
